SPRAT running on http://127.0.0.1:8000
----------------------------------------
Exception occurred during processing of request from ('127.0.0.1', 49584)
Traceback (most recent call last):
  File "/usr/local/lib/python3.12/socketserver.py", line 697, in process_request_thread
    self.finish_request(request, client_address)
  File "/usr/local/lib/python3.12/socketserver.py", line 362, in finish_request
    self.RequestHandlerClass(request, client_address, self)
  File "/usr/local/lib/python3.12/socketserver.py", line 766, in __init__
    self.handle()
  File "/usr/local/lib/python3.12/http/server.py", line 440, in handle
    self.handle_one_request()
  File "/usr/local/lib/python3.12/http/server.py", line 428, in handle_one_request
    method()
  File "/workspace/app.py", line 117, in do_GET
    self.route_project_get(data, user, path)
  File "/workspace/app.py", line 151, in route_project_get
    art = find_artifact(project, int(parts[3]))
          ^^^^^^^^^^^^^^^^^^^^^^^^^^^^^^^^^^^^^
  File "/workspace/app.py", line 55, in find_artifact
    return next((a for a in project['artifacts'] if a['id'] == artifact_id), None)
                            ~~~~~~~^^^^^^^^^^^^^
TypeError: 'NoneType' object is not subscriptable
----------------------------------------
