Serving on http://0.0.0.0:8000
----------------------------------------
Exception occurred during processing of request from ('127.0.0.1', 46500)
Traceback (most recent call last):
  File "/usr/local/lib/python3.12/socketserver.py", line 697, in process_request_thread
    self.finish_request(request, client_address)
  File "/usr/local/lib/python3.12/socketserver.py", line 362, in finish_request
    self.RequestHandlerClass(request, client_address, self)
  File "/usr/local/lib/python3.12/socketserver.py", line 766, in __init__
    self.handle()
  File "/usr/local/lib/python3.12/http/server.py", line 440, in handle
    self.handle_one_request()
  File "/usr/local/lib/python3.12/http/server.py", line 428, in handle_one_request
    method()
  File "/workspace/app.py", line 180, in do_POST
    add_immunization(int(data["child_id"][0]), data["record"][0])
  File "/workspace/app.py", line 104, in add_immunization
    children[child_id].immunizations.append(record)
    ~~~~~~~~^^^^^^^^^^
KeyError: 1
----------------------------------------
